[
    [
        "T_COMMENT",
        "# This is a TOML document. Boom.",
        1,
        1,
        0
    ],
    [
        "T_NEWLINE",
        "\n",
        1,
        33,
        32
    ],
    [
        "T_NEWLINE",
        "\n",
        2,
        1,
        33
    ],
    [
        "T_KEY",
        "title",
        3,
        1,
        34
    ],
    [
        "T_WHITESPACE",
        " ",
        3,
        6,
        39
    ],
    [
        "T_ASSIGNMENT",
        "=",
        3,
        7,
        40
    ],
    [
        "T_WHITESPACE",
        " ",
        3,
        8,
        41
    ],
    [
        "T_STRING",
        "\"TOML Example\"",
        3,
        9,
        42
    ],
    [
        "T_NEWLINE",
        "\n",
        3,
        23,
        56
    ],
    [
        "T_NEWLINE",
        "\n",
        4,
        1,
        57
    ],
    [
        "T_TABLE",
        "[owner]",
        5,
        1,
        58
    ],
    [
        "T_NEWLINE",
        "\n",
        5,
        8,
        65
    ],
    [
        "T_KEY",
        "name",
        6,
        1,
        66
    ],
    [
        "T_WHITESPACE",
        " ",
        6,
        5,
        70
    ],
    [
        "T_ASSIGNMENT",
        "=",
        6,
        6,
        71
    ],
    [
        "T_WHITESPACE",
        " ",
        6,
        7,
        72
    ],
    [
        "T_STRING",
        "\"Tom Preston-Werner\"",
        6,
        8,
        73
    ],
    [
        "T_NEWLINE",
        "\n",
        6,
        28,
        93
    ],
    [
        "T_KEY",
        "organization",
        7,
        1,
        94
    ],
    [
        "T_WHITESPACE",
        " ",
        7,
        13,
        106
    ],
    [
        "T_ASSIGNMENT",
        "=",
        7,
        14,
        107
    ],
    [
        "T_WHITESPACE",
        " ",
        7,
        15,
        108
    ],
    [
        "T_STRING",
        "\"GitHub\"",
        7,
        16,
        109
    ],
    [
        "T_NEWLINE",
        "\n",
        7,
        24,
        117
    ],
    [
        "T_KEY",
        "bio",
        8,
        1,
        118
    ],
    [
        "T_WHITESPACE",
        " ",
        8,
        4,
        121
    ],
    [
        "T_ASSIGNMENT",
        "=",
        8,
        5,
        122
    ],
    [
        "T_WHITESPACE",
        " ",
        8,
        6,
        123
    ],
    [
        "T_STRING",
        "\"GitHub Cofounder & CEO\\nLikes tater tots and beer.\"",
        8,
        7,
        124
    ],
    [
        "T_NEWLINE",
        "\n",
        8,
        59,
        176
    ],
    [
        "T_KEY",
        "dob",
        9,
        1,
        177
    ],
    [
        "T_WHITESPACE",
        " ",
        9,
        4,
        180
    ],
    [
        "T_ASSIGNMENT",
        "=",
        9,
        5,
        181
    ],
    [
        "T_WHITESPACE",
        " ",
        9,
        6,
        182
    ],
    [
        "T_DATE",
        "1979-05-27T07:32:00Z",
        9,
        7,
        183
    ],
    [
        "T_WHITESPACE",
        " ",
        9,
        27,
        203
    ],
    [
        "T_COMMENT",
        "# First class dates? Why not?",
        9,
        28,
        204
    ],
    [
        "T_NEWLINE",
        "\n",
        9,
        57,
        233
    ],
    [
        "T_KEY",
        "pi",
        10,
        1,
        234
    ],
    [
        "T_WHITESPACE",
        " ",
        10,
        3,
        236
    ],
    [
        "T_ASSIGNMENT",
        "=",
        10,
        4,
        237
    ],
    [
        "T_WHITESPACE",
        " ",
        10,
        5,
        238
    ],
    [
        "T_FLOAT",
        "3.14",
        10,
        6,
        239
    ],
    [
        "T_NEWLINE",
        "\n",
        10,
        10,
        243
    ],
    [
        "T_NEWLINE",
        "\n",
        11,
        1,
        244
    ],
    [
        "T_TABLE",
        "[database]",
        12,
        1,
        245
    ],
    [
        "T_NEWLINE",
        "\n",
        12,
        11,
        255
    ],
    [
        "T_KEY",
        "server",
        13,
        1,
        256
    ],
    [
        "T_WHITESPACE",
        " ",
        13,
        7,
        262
    ],
    [
        "T_ASSIGNMENT",
        "=",
        13,
        8,
        263
    ],
    [
        "T_WHITESPACE",
        " ",
        13,
        9,
        264
    ],
    [
        "T_STRING",
        "\"192.168.1.1\"",
        13,
        10,
        265
    ],
    [
        "T_NEWLINE",
        "\n",
        13,
        23,
        278
    ],
    [
        "T_KEY",
        "ports",
        14,
        1,
        279
    ],
    [
        "T_WHITESPACE",
        " ",
        14,
        6,
        284
    ],
    [
        "T_ASSIGNMENT",
        "=",
        14,
        7,
        285
    ],
    [
        "T_WHITESPACE",
        " ",
        14,
        8,
        286
    ],
    [
        "T_ARRAY_START",
        "[",
        14,
        9,
        287
    ],
    [
        "T_WHITESPACE",
        " ",
        14,
        10,
        288
    ],
    [
        "T_INTEGER",
        "8001",
        14,
        11,
        289
    ],
    [
        "T_ARRAY_SEPERATOR",
        ",",
        14,
        15,
        293
    ],
    [
        "T_WHITESPACE",
        " ",
        14,
        16,
        294
    ],
    [
        "T_INTEGER",
        "8001",
        14,
        17,
        295
    ],
    [
        "T_ARRAY_SEPERATOR",
        ",",
        14,
        21,
        299
    ],
    [
        "T_WHITESPACE",
        " ",
        14,
        22,
        300
    ],
    [
        "T_INTEGER",
        "8002",
        14,
        23,
        301
    ],
    [
        "T_WHITESPACE",
        " ",
        14,
        27,
        305
    ],
    [
        "T_ARRAY_END",
        "]",
        14,
        28,
        306
    ],
    [
        "T_NEWLINE",
        "\n",
        14,
        29,
        307
    ],
    [
        "T_KEY",
        "connection_max",
        15,
        1,
        308
    ],
    [
        "T_WHITESPACE",
        " ",
        15,
        15,
        322
    ],
    [
        "T_ASSIGNMENT",
        "=",
        15,
        16,
        323
    ],
    [
        "T_WHITESPACE",
        " ",
        15,
        17,
        324
    ],
    [
        "T_INTEGER",
        "5000",
        15,
        18,
        325
    ],
    [
        "T_NEWLINE",
        "\n",
        15,
        22,
        329
    ],
    [
        "T_KEY",
        "enabled",
        16,
        1,
        330
    ],
    [
        "T_WHITESPACE",
        " ",
        16,
        8,
        337
    ],
    [
        "T_ASSIGNMENT",
        "=",
        16,
        9,
        338
    ],
    [
        "T_WHITESPACE",
        " ",
        16,
        10,
        339
    ],
    [
        "T_BOOLEAN",
        "true",
        16,
        11,
        340
    ],
    [
        "T_NEWLINE",
        "\n",
        16,
        15,
        344
    ],
    [
        "T_NEWLINE",
        "\n",
        17,
        1,
        345
    ],
    [
        "T_TABLE",
        "[servers]",
        18,
        1,
        346
    ],
    [
        "T_NEWLINE",
        "\n",
        18,
        10,
        355
    ],
    [
        "T_NEWLINE",
        "\n",
        19,
        1,
        356
    ],
    [
        "T_WHITESPACE",
        "  ",
        20,
        1,
        357
    ],
    [
        "T_COMMENT",
        "# You can indent as you please. Tabs or spaces. TOML don't care.",
        20,
        3,
        359
    ],
    [
        "T_NEWLINE",
        "\n",
        20,
        67,
        423
    ],
    [
        "T_WHITESPACE",
        "  ",
        21,
        1,
        424
    ],
    [
        "T_TABLE",
        "[servers.alpha]",
        21,
        3,
        426
    ],
    [
        "T_NEWLINE",
        "\n",
        21,
        18,
        441
    ],
    [
        "T_WHITESPACE",
        "  ",
        22,
        1,
        442
    ],
    [
        "T_KEY",
        "ip",
        22,
        3,
        444
    ],
    [
        "T_WHITESPACE",
        " ",
        22,
        5,
        446
    ],
    [
        "T_ASSIGNMENT",
        "=",
        22,
        6,
        447
    ],
    [
        "T_WHITESPACE",
        " ",
        22,
        7,
        448
    ],
    [
        "T_STRING",
        "\"10.0.0.1\"",
        22,
        8,
        449
    ],
    [
        "T_NEWLINE",
        "\n",
        22,
        18,
        459
    ],
    [
        "T_WHITESPACE",
        "  ",
        23,
        1,
        460
    ],
    [
        "T_KEY",
        "dc",
        23,
        3,
        462
    ],
    [
        "T_WHITESPACE",
        " ",
        23,
        5,
        464
    ],
    [
        "T_ASSIGNMENT",
        "=",
        23,
        6,
        465
    ],
    [
        "T_WHITESPACE",
        " ",
        23,
        7,
        466
    ],
    [
        "T_STRING",
        "\"eqdc10\"",
        23,
        8,
        467
    ],
    [
        "T_NEWLINE",
        "\n",
        23,
        16,
        475
    ],
    [
        "T_NEWLINE",
        "\n",
        24,
        1,
        476
    ],
    [
        "T_WHITESPACE",
        "  ",
        25,
        1,
        477
    ],
    [
        "T_TABLE",
        "[servers.beta]",
        25,
        3,
        479
    ],
    [
        "T_NEWLINE",
        "\n",
        25,
        17,
        493
    ],
    [
        "T_WHITESPACE",
        "  ",
        26,
        1,
        494
    ],
    [
        "T_KEY",
        "ip",
        26,
        3,
        496
    ],
    [
        "T_WHITESPACE",
        " ",
        26,
        5,
        498
    ],
    [
        "T_ASSIGNMENT",
        "=",
        26,
        6,
        499
    ],
    [
        "T_WHITESPACE",
        " ",
        26,
        7,
        500
    ],
    [
        "T_STRING",
        "\"10.0.0.2\"",
        26,
        8,
        501
    ],
    [
        "T_NEWLINE",
        "\n",
        26,
        18,
        511
    ],
    [
        "T_WHITESPACE",
        "  ",
        27,
        1,
        512
    ],
    [
        "T_KEY",
        "dc",
        27,
        3,
        514
    ],
    [
        "T_WHITESPACE",
        " ",
        27,
        5,
        516
    ],
    [
        "T_ASSIGNMENT",
        "=",
        27,
        6,
        517
    ],
    [
        "T_WHITESPACE",
        " ",
        27,
        7,
        518
    ],
    [
        "T_STRING",
        "\"eqdc10\"",
        27,
        8,
        519
    ],
    [
        "T_NEWLINE",
        "\n",
        27,
        16,
        527
    ],
    [
        "T_NEWLINE",
        "\n",
        28,
        1,
        528
    ],
    [
        "T_TABLE",
        "[clients]",
        29,
        1,
        529
    ],
    [
        "T_NEWLINE",
        "\n",
        29,
        10,
        538
    ],
    [
        "T_KEY",
        "data",
        30,
        1,
        539
    ],
    [
        "T_WHITESPACE",
        " ",
        30,
        5,
        543
    ],
    [
        "T_ASSIGNMENT",
        "=",
        30,
        6,
        544
    ],
    [
        "T_WHITESPACE",
        " ",
        30,
        7,
        545
    ],
    [
        "T_ARRAY_START",
        "[",
        30,
        8,
        546
    ],
    [
        "T_WHITESPACE",
        " ",
        30,
        9,
        547
    ],
    [
        "T_ARRAY_START",
        "[",
        30,
        10,
        548
    ],
    [
        "T_STRING",
        "\"gamma\"",
        30,
        11,
        549
    ],
    [
        "T_ARRAY_SEPERATOR",
        ",",
        30,
        18,
        556
    ],
    [
        "T_WHITESPACE",
        " ",
        30,
        19,
        557
    ],
    [
        "T_STRING",
        "\"delta\"",
        30,
        20,
        558
    ],
    [
        "T_ARRAY_END",
        "]",
        30,
        27,
        565
    ],
    [
        "T_ARRAY_SEPERATOR",
        ",",
        30,
        28,
        566
    ],
    [
        "T_WHITESPACE",
        " ",
        30,
        29,
        567
    ],
    [
        "T_ARRAY_START",
        "[",
        30,
        30,
        568
    ],
    [
        "T_INTEGER",
        "1",
        30,
        31,
        569
    ],
    [
        "T_ARRAY_SEPERATOR",
        ",",
        30,
        32,
        570
    ],
    [
        "T_WHITESPACE",
        " ",
        30,
        33,
        571
    ],
    [
        "T_INTEGER",
        "2",
        30,
        34,
        572
    ],
    [
        "T_ARRAY_END",
        "]",
        30,
        35,
        573
    ],
    [
        "T_WHITESPACE",
        " ",
        30,
        36,
        574
    ],
    [
        "T_ARRAY_END",
        "]",
        30,
        37,
        575
    ],
    [
        "T_WHITESPACE",
        " ",
        30,
        38,
        576
    ],
    [
        "T_COMMENT",
        "# just an update to make sure parsers support it",
        30,
        39,
        577
    ],
    [
        "T_NEWLINE",
        "\n",
        30,
        87,
        625
    ]
]
